[1Gpulling manifest ⠋ [K[1Gpulling manifest ⠙ [K[1Gpulling manifest ⠹ [K[1Gpulling manifest ⠸ [K[1Gpulling manifest ⠼ [K[1Gpulling manifest ⠴ [K[1Gpulling manifest ⠦ [K[1Gpulling manifest ⠧ [K[1Gpulling manifest ⠇ [K[1Gpulling manifest ⠏ [K[1Gpulling manifest ⠋ [K[1Gpulling manifest ⠙ [K[1Gpulling manifest ⠹ [K[1Gpulling manifest ⠸ [K[1Gpulling manifest ⠼ [K[1Gpulling manifest ⠴ [K[1Gpulling manifest ⠦ [K[1Gpulling manifest ⠧ [K[1Gpulling manifest ⠇ [K[1Gpulling manifest [K
pulling 84fffd9ce0ec:   0% ▕                  ▏  80 KB/807 MB                  [K[A[1Gpulling manifest [K
pulling 84fffd9ce0ec:   0% ▕                  ▏ 239 KB/807 MB                  [K[A[1Gpulling manifest [K
pulling 84fffd9ce0ec:   0% ▕                  ▏ 369 KB/807 MB                  [K[A[1Gpulling manifest [K
pulling 84fffd9ce0ec:   0% ▕                  ▏ 659 KB/807 MB                  [K[A[1Gpulling manifest [K
pulling 84fffd9ce0ec:   0% ▕                  ▏ 953 KB/807 MB                  [K[A[1Gpulling manifest [K
pulling 84fffd9ce0ec:   0% ▕                  ▏ 1.1 MB/807 MB                  [K[A[1Gpulling manifest [K
pulling 84fffd9ce0ec:   0% ▕                  ▏ 1.4 MB/807 MB                  [K[A[1Gpulling manifest [K
pulling 84fffd9ce0ec:   0% ▕                  ▏ 1.7 MB/807 MB                  [K[A[1Gpulling manifest [K
pulling 84fffd9ce0ec:   0% ▕                  ▏ 1.9 MB/807 MB                  [K[A[1Gpulling manifest [K
pulling 84fffd9ce0ec:   0% ▕                  ▏ 2.2 MB/807 MB                  [K[A[1Gpulling manifest [K
pulling 84fffd9ce0ec:   0% ▕                  ▏ 2.6 MB/807 MB  2.3 MB/s   5m56s[K[A[1Gpulling manifest [K
pulling 84fffd9ce0ec:   0% ▕                  ▏ 2.9 MB/807 MB  2.3 MB/s   5m56s[K[A[1Gpulling manifest [K
pulling 84fffd9ce0ec:   0% ▕                  ▏ 3.5 MB/807 MB  2.3 MB/s   5m56s[K[A[1Gpulling manifest [K
pulling 84fffd9ce0ec:   0% ▕                  ▏ 4.0 MB/807 MB  2.3 MB/s   5m55s[K[A[1Gpulling manifest [K
pulling 84fffd9ce0ec:   1% ▕                  ▏ 4.4 MB/807 MB  2.3 MB/s   5m55s[K[A[1Gpulling manifest [K
pulling 84fffd9ce0ec:   1% ▕                  ▏ 4.9 MB/807 MB  2.3 MB/s   5m55s[K[A[1Gpulling manifest [K
pulling 84fffd9ce0ec:   1% ▕                  ▏ 5.6 MB/807 MB  2.3 MB/s   5m55s[K[A[1Gpulling manifest [K
pulling 84fffd9ce0ec:   1% ▕                  ▏ 5.9 MB/807 MB  2.3 MB/s   5m54s[K[A[1Gpulling manifest [K
pulling 84fffd9ce0ec:   1% ▕                  ▏ 6.5 MB/807 MB  2.3 MB/s   5m54s[K[A[1Gpulling manifest [K
pulling 84fffd9ce0ec:   1% ▕                  ▏ 7.2 MB/807 MB  2.3 MB/s   5m54s[K[A[1Gpulling manifest [K
pulling 84fffd9ce0ec:   1% ▕                  ▏ 7.4 MB/807 MB  3.7 MB/s   3m36s[K[A[1Gpulling manifest [K
pulling 84fffd9ce0ec:   1% ▕                  ▏ 8.2 MB/807 MB  3.7 MB/s   3m36s[K[A[1Gpulling manifest [K
pulling 84fffd9ce0ec:   1% ▕                  ▏ 8.8 MB/807 MB  3.7 MB/s   3m35s[K[A[1Gpulling manifest [K
pulling 84fffd9ce0ec:   1% ▕                  ▏ 9.2 MB/807 MB  3.7 MB/s   3m35s[K[A[1Gpulling manifest [K
pulling 84fffd9ce0ec:   1% ▕                  ▏ 9.7 MB/807 MB  3.7 MB/s   3m35s[K[A[1Gpulling manifest [K
pulling 84fffd9ce0ec:   1% ▕                  ▏  10 MB/807 MB  3.7 MB/s   3m35s[K[A[1Gpulling manifest [K
pulling 84fffd9ce0ec:   1% ▕                  ▏  10 MB/807 MB  3.7 MB/s   3m35s[K[A[1Gpulling manifest [K
pulling 84fffd9ce0ec:   1% ▕                  ▏  11 MB/807 MB  3.7 MB/s   3m35s[K[A[1Gpulling manifest [K
pulling 84fffd9ce0ec:   1% ▕                  ▏  11 MB/807 MB  3.7 MB/s   3m35s[K[A[1Gpulling manifest [K
pulling 84fffd9ce0ec:   2% ▕                  ▏  12 MB/807 MB  3.7 MB/s   3m34s[K[A[1Gpulling manifest [K
pulling 84fffd9ce0ec:   2% ▕                  ▏  12 MB/807 MB  4.2 MB/s    3m7s[K[A[1Gpulling manifest [K
pulling 84fffd9ce0ec:   2% ▕                  ▏  13 MB/807 MB  4.2 MB/s    3m7s[K[A[1Gpulling manifest [K
pulling 84fffd9ce0ec:   2% ▕                  ▏  13 MB/807 MB  4.2 MB/s    3m7s[K[A[1Gpulling manifest [K
pulling 84fffd9ce0ec:   2% ▕                  ▏  14 MB/807 MB  4.2 MB/s    3m7s[K[A[1Gpulling manifest [K
pulling 84fffd9ce0ec:   2% ▕                  ▏  14 MB/807 MB  4.2 MB/s    3m7s[K[A[1Gpulling manifest [K
pulling 84fffd9ce0ec:   2% ▕                  ▏  15 MB/807 MB  4.2 MB/s    3m7s[K[A[1Gpulling manifest [K
pulling 84fffd9ce0ec:   2% ▕                  ▏  15 MB/807 MB  4.2 MB/s    3m6s[K[A[1Gpulling manifest [K
pulling 84fffd9ce0ec:   2% ▕                  ▏  16 MB/807 MB  4.2 MB/s    3m6s[K[A[1Gpulling manifest [K
pulling 84fffd9ce0ec:   2% ▕                  ▏  16 MB/807 MB  4.2 MB/s    3m6s[K[A[1Gpulling manifest [K
pulling 84fffd9ce0ec:   2% ▕                  ▏  17 MB/807 MB  4.2 MB/s    3m6s[K[A[1Gpulling manifest [K
pulling 84fffd9ce0ec:   2% ▕                  ▏  17 MB/807 MB  4.5 MB/s   2m56s[K[A[1Gpulling manifest [K
pulling 84fffd9ce0ec:   2% ▕                  ▏  18 MB/807 MB  4.5 MB/s   2m56s[K[A[1Gpulling manifest [K
pulling 84fffd9ce0ec:   2% ▕                  ▏  18 MB/807 MB  4.5 MB/s   2m56s[K[A[1Gpulling manifest [K
pulling 84fffd9ce0ec:   2% ▕                  ▏  19 MB/807 MB  4.5 MB/s   2m56s[K[A[1Gpulling manifest [K
pulling 84fffd9ce0ec:   2% ▕                  ▏  19 MB/807 MB  4.5 MB/s   2m56s[K[A[1Gpulling manifest [K
pulling 84fffd9ce0ec:   3% ▕                  ▏  20 MB/807 MB  4.5 MB/s   2m55s[K[A[1Gpulling manifest [K
pulling 84fffd9ce0ec:   3% ▕                  ▏  20 MB/807 MB  4.5 MB/s   2m55s[K[A[1Gpulling manifest [K
pulling 84fffd9ce0ec:   3% ▕                  ▏  21 MB/807 MB  4.5 MB/s   2m55s[K[A[1Gpulling manifest [K
pulling 84fffd9ce0ec:   3% ▕                  ▏  21 MB/807 MB  4.5 MB/s   2m55s[K[A[1Gpulling manifest [K
pulling 84fffd9ce0ec:   3% ▕                  ▏  22 MB/807 MB  4.5 MB/s   2m55s[K[A[1Gpulling manifest [K
pulling 84fffd9ce0ec:   3% ▕                  ▏  22 MB/807 MB  4.5 MB/s   2m55s[K[A[1Gpulling manifest [K
pulling 84fffd9ce0ec:   3% ▕                  ▏  23 MB/807 MB  4.6 MB/s   2m48s[K[A[1Gpulling manifest [K
pulling 84fffd9ce0ec:   3% ▕                  ▏  24 MB/807 MB  4.6 MB/s   2m48s[K[A[1Gpulling manifest [K
pulling 84fffd9ce0ec:   3% ▕                  ▏  24 MB/807 MB  4.6 MB/s   2m48s[K[A[1Gpulling manifest [K
pulling 84fffd9ce0ec:   3% ▕                  ▏  25 MB/807 MB  4.6 MB/s   2m48s[K[A[1Gpulling manifest [K
pulling 84fffd9ce0ec:   3% ▕                  ▏  25 MB/807 MB  4.6 MB/s   2m48s[K[A[1Gpulling manifest [K
pulling 84fffd9ce0ec:   3% ▕                  ▏  26 MB/807 MB  4.6 MB/s   2m48s[K[A[1Gpulling manifest [K
pulling 84fffd9ce0ec:   3% ▕                  ▏  26 MB/807 MB  4.6 MB/s   2m48s[K[A[1Gpulling manifest [K
pulling 84fffd9ce0ec:   3% ▕                  ▏  27 MB/807 MB  4.6 MB/s   2m48s[K[A[1Gpulling manifest [K
pulling 84fffd9ce0ec:   3% ▕                  ▏  27 MB/807 MB  4.6 MB/s   2m48s[K[A[1Gpulling manifest [K
pulling 84fffd9ce0ec:   4% ▕                  ▏  28 MB/807 MB  4.6 MB/s   2m47s[K[A[1Gpulling manifest [K
pulling 84fffd9ce0ec:   4% ▕                  ▏  28 MB/807 MB  4.8 MB/s   2m43s[K[A[1Gpulling manifest [K
pulling 84fffd9ce0ec:   4% ▕                  ▏  29 MB/807 MB  4.8 MB/s   2m43s[K[A[1Gpulling manifest [K
pulling 84fffd9ce0ec:   4% ▕                  ▏  29 MB/807 MB  4.8 MB/s   2m42s[K
