[1Gpulling manifest ⠋ [K[1Gpulling manifest ⠙ [K[1Gpulling manifest ⠹ [K[1Gpulling manifest ⠸ [K[1Gpulling manifest ⠼ [K[1Gpulling manifest ⠴ [K[1Gpulling manifest ⠦ [K[1Gpulling manifest ⠧ [K[1Gpulling manifest ⠇ [K[1Gpulling manifest ⠏ [K[1Gpulling manifest ⠋ [K[1Gpulling manifest ⠙ [K[1Gpulling manifest ⠹ [K[1Gpulling manifest ⠸ [K[1Gpulling manifest [K
pulling 84fffd9ce0ec:   0% ▕                  ▏ 3.5 MB/807 MB                  [K[A[1Gpulling manifest [K
pulling 84fffd9ce0ec:   1% ▕                  ▏ 6.3 MB/807 MB                  [K[A[1Gpulling manifest [K
pulling 84fffd9ce0ec:   2% ▕                  ▏  13 MB/807 MB                  [K[A[1Gpulling manifest [K
pulling 84fffd9ce0ec:   2% ▕                  ▏  17 MB/807 MB                  [K[A[1Gpulling manifest [K
pulling 84fffd9ce0ec:   2% ▕                  ▏  19 MB/807 MB                  [K[A[1Gpulling manifest [K
pulling 84fffd9ce0ec:   3% ▕                  ▏  21 MB/807 MB                  [K[A[1Gpulling manifest [K
pulling 84fffd9ce0ec:   3% ▕                  ▏  23 MB/807 MB                  [K[A[1Gpulling manifest [K
pulling 84fffd9ce0ec:   3% ▕                  ▏  24 MB/807 MB                  [K[A[1Gpulling manifest [K
pulling 84fffd9ce0ec:   3% ▕                  ▏  25 MB/807 MB                  [K[A[1Gpulling manifest [K
pulling 84fffd9ce0ec:   3% ▕                  ▏  27 MB/807 MB                  [K[A[1Gpulling manifest [K
pulling 84fffd9ce0ec:   3% ▕                  ▏  28 MB/807 MB   27 MB/s     28s[K[A[1Gpulling manifest [K
pulling 84fffd9ce0ec:   4% ▕                  ▏  29 MB/807 MB   27 MB/s     28s[K[A[1Gpulling manifest [K
pulling 84fffd9ce0ec:   4% ▕                  ▏  31 MB/807 MB   27 MB/s     28s[K[A[1Gpulling manifest [K
pulling 84fffd9ce0ec:   4% ▕                  ▏  31 MB/807 MB   27 MB/s     28s[K[A[1Gpulling manifest [K
pulling 84fffd9ce0ec:   4% ▕                  ▏  33 MB/807 MB   27 MB/s     27s[K[A[1Gpulling manifest [K
pulling 84fffd9ce0ec:   4% ▕                  ▏  34 MB/807 MB   27 MB/s     27s[K[A[1Gpulling manifest [K
pulling 84fffd9ce0ec:   4% ▕                  ▏  35 MB/807 MB   27 MB/s     27s[K[A[1Gpulling manifest [K
pulling 84fffd9ce0ec:   5% ▕                  ▏  36 MB/807 MB   27 MB/s     27s[K[A[1Gpulling manifest [K
pulling 84fffd9ce0ec:   5% ▕                  ▏  38 MB/807 MB   27 MB/s     27s[K[A[1Gpulling manifest [K
pulling 84fffd9ce0ec:   5% ▕                  ▏  39 MB/807 MB   27 MB/s     27s[K[A[1Gpulling manifest [K
pulling 84fffd9ce0ec:   5% ▕                  ▏  40 MB/807 MB   20 MB/s     38s[K[A[1Gpulling manifest [K
pulling 84fffd9ce0ec:   5% ▕                  ▏  41 MB/807 MB   20 MB/s     38s[K[A[1Gpulling manifest [K
pulling 84fffd9ce0ec:   5% ▕                  ▏  42 MB/807 MB   20 MB/s     38s[K[A[1Gpulling manifest [K
pulling 84fffd9ce0ec:   5% ▕                  ▏  43 MB/807 MB   20 MB/s     38s[K[A[1Gpulling manifest [K
pulling 84fffd9ce0ec:   6% ▕█                 ▏  45 MB/807 MB   20 MB/s     37s[K[A[1Gpulling manifest [K
pulling 84fffd9ce0ec:   6% ▕█                 ▏  45 MB/807 MB   20 MB/s     37s[K[A[1Gpulling manifest [K
pulling 84fffd9ce0ec:   6% ▕█                 ▏  47 MB/807 MB   20 MB/s     37s[K[A[1Gpulling manifest [K
pulling 84fffd9ce0ec:   6% ▕█                 ▏  49 MB/807 MB   20 MB/s     37s[K[A[1Gpulling manifest [K
pulling 84fffd9ce0ec:   6% ▕█                 ▏  49 MB/807 MB   20 MB/s     37s[K[A[1Gpulling manifest [K
pulling 84fffd9ce0ec:   6% ▕█                 ▏  51 MB/807 MB   20 MB/s     37s[K[A[1Gpulling manifest [K
pulling 84fffd9ce0ec:   7% ▕█                 ▏  52 MB/807 MB   17 MB/s     43s[K[A[1Gpulling manifest [K
pulling 84fffd9ce0ec:   7% ▕█                 ▏  53 MB/807 MB   17 MB/s     43s[K[A[1Gpulling manifest [K
pulling 84fffd9ce0ec:   7% ▕█                 ▏  54 MB/807 MB   17 MB/s     43s[K[A[1Gpulling manifest [K
pulling 84fffd9ce0ec:   7% ▕█                 ▏  56 MB/807 MB   17 MB/s     43s[K[A[1Gpulling manifest [K
pulling 84fffd9ce0ec:   7% ▕█                 ▏  56 MB/807 MB   17 MB/s     43s[K[A[1Gpulling manifest [K
pulling 84fffd9ce0ec:   7% ▕█                 ▏  58 MB/807 MB   17 MB/s     42s[K[A[1Gpulling manifest [K
pulling 84fffd9ce0ec:   7% ▕█                 ▏  59 MB/807 MB   17 MB/s     42s[K[A[1Gpulling manifest [K
pulling 84fffd9ce0ec:   7% ▕█                 ▏  60 MB/807 MB   17 MB/s     42s[K[A[1Gpulling manifest [K
pulling 84fffd9ce0ec:   8% ▕█                 ▏  61 MB/807 MB   17 MB/s     42s[K[A[1Gpulling manifest [K
pulling 84fffd9ce0ec:   8% ▕█                 ▏  63 MB/807 MB   17 MB/s     42s[K[A[1Gpulling manifest [K
pulling 84fffd9ce0ec:   8% ▕█                 ▏  64 MB/807 MB   17 MB/s     42s[K[A[1Gpulling manifest [K
pulling 84fffd9ce0ec:   8% ▕█                 ▏  65 MB/807 MB   16 MB/s     46s[K[A[1Gpulling manifest [K
pulling 84fffd9ce0ec:   8% ▕█                 ▏  66 MB/807 MB   16 MB/s     46s[K[A[1Gpulling manifest [K
pulling 84fffd9ce0ec:   8% ▕█                 ▏  67 MB/807 MB   16 MB/s     46s[K[A[1Gpulling manifest [K
pulling 84fffd9ce0ec:   9% ▕█                 ▏  69 MB/807 MB   16 MB/s     45s[K[A[1Gpulling manifest [K
pulling 84fffd9ce0ec:   9% ▕█                 ▏  70 MB/807 MB   16 MB/s     45s[K[A[1Gpulling manifest [K
pulling 84fffd9ce0ec:   9% ▕█                 ▏  71 MB/807 MB   16 MB/s     45s[K[A[1Gpulling manifest [K
pulling 84fffd9ce0ec:   9% ▕█                 ▏  72 MB/807 MB   16 MB/s     45s[K[A[1Gpulling manifest [K
pulling 84fffd9ce0ec:   9% ▕█                 ▏  74 MB/807 MB   16 MB/s     45s[K[A[1Gpulling manifest [K
pulling 84fffd9ce0ec:   9% ▕█                 ▏  74 MB/807 MB   16 MB/s     45s[K[A[1Gpulling manifest [K
pulling 84fffd9ce0ec:   9% ▕█                 ▏  76 MB/807 MB   16 MB/s     45s[K[A[1Gpulling manifest [K
pulling 84fffd9ce0ec:  10% ▕█                 ▏  77 MB/807 MB   15 MB/s     47s[K[A[1Gpulling manifest [K
pulling 84fffd9ce0ec:  10% ▕█                 ▏  77 MB/807 MB   15 MB/s     47s[K[A[1Gpulling manifest [K
pulling 84fffd9ce0ec:  10% ▕█                 ▏  79 MB/807 MB   15 MB/s     47s[K[A[1Gpulling manifest [K
pulling 84fffd9ce0ec:  10% ▕█                 ▏  81 MB/807 MB   15 MB/s     47s[K[A[1Gpulling manifest [K
pulling 84fffd9ce0ec:  10% ▕█                 ▏  81 MB/807 MB   15 MB/s     47s[K[A[1Gpulling manifest [K
pulling 84fffd9ce0ec:  10% ▕█                 ▏  83 MB/807 MB   15 MB/s     47s[K[A[1Gpulling manifest [K
pulling 84fffd9ce0ec:  10% ▕█                 ▏  83 MB/807 MB   15 MB/s     47s[K[A[1Gpulling manifest [K
pulling 84fffd9ce0ec:  10% ▕█                 ▏  83 MB/807 MB   15 MB/s     47s[K[A[1Gpulling manifest [K
pulling 84fffd9ce0ec:  11% ▕█                 ▏  87 MB/807 MB   15 MB/s     47s[K[A[1Gpulling manifest [K
pulling 84fffd9ce0ec:  11% ▕█                 ▏  88 MB/807 MB   15 MB/s     47s[K[A[1Gpulling manifest [K
pulling 84fffd9ce0ec:  11% ▕█                 ▏  88 MB/807 MB   14 MB/s     48s[K[A[1Gpulling manifest [K
pulling 84fffd9ce0ec:  11% ▕██                ▏  90 MB/807 MB   14 MB/s     48s[K[A[1Gpulling manifest [K
pulling 84fffd9ce0ec:  11% ▕██                ▏  92 MB/807 MB   14 MB/s     48s[K[A[1Gpulling manifest [K
pulling 84fffd9ce0ec:  11% ▕██                ▏  92 MB/807 MB   14 MB/s     48s[K[A[1Gpulling manifest [K
pulling 84fffd9ce0ec:  12% ▕██                ▏  94 MB/807 MB   14 MB/s     48s[K[A[1Gpulling manifest [K
pulling 84fffd9ce0ec:  12% ▕██                ▏  95 MB/807 MB   14 MB/s     48s[K[A[1Gpulling manifest [K
pulling 84fffd9ce0ec:  12% ▕██                ▏  96 MB/807 MB   14 MB/s     48s[K[A[1Gpulling manifest [K
pulling 84fffd9ce0ec:  12% ▕██                ▏  97 MB/807 MB   14 MB/s     48s[K[A[1Gpulling manifest [K
pulling 84fffd9ce0ec:  12% ▕██                ▏  98 MB/807 MB   14 MB/s     48s[K[A[1Gpulling manifest [K
pulling 84fffd9ce0ec:  12% ▕██                ▏  98 MB/807 MB   14 MB/s     48s[K[A[1Gpulling manifest [K
pulling 84fffd9ce0ec:  12% ▕██                ▏ 100 MB/807 MB   14 MB/s     49s[K[A[1Gpulling manifest [K
pulling 84fffd9ce0ec:  13% ▕██                ▏ 101 MB/807 MB   14 MB/s     49s[K[A[1Gpulling manifest [K
pulling 84fffd9ce0ec:  13% ▕██                ▏ 101 MB/807 MB   14 MB/s     49s[K[A[1Gpulling manifest [K
pulling 84fffd9ce0ec:  13% ▕██                ▏ 102 MB/807 MB   14 MB/s     49s[K[A[1Gpulling manifest [K
pulling 84fffd9ce0ec:  13% ▕██                ▏ 104 MB/807 MB   14 MB/s     49s[K[A[1Gpulling manifest [K
pulling 84fffd9ce0ec:  13% ▕██                ▏ 104 MB/807 MB   14 MB/s     49s[K[A[1Gpulling manifest [K
pulling 84fffd9ce0ec:  13% ▕██                ▏ 105 MB/807 MB   14 MB/s     49s[K[A[1Gpulling manifest [K
pulling 84fffd9ce0ec:  13% ▕██                ▏ 106 MB/807 MB   14 MB/s     49s[K[A[1Gpulling manifest [K
pulling 84fffd9ce0ec:  13% ▕██                ▏ 106 MB/807 MB   14 MB/s     49s[K[A[1Gpulling manifest [K
pulling 84fffd9ce0ec:  13% ▕██                ▏ 107 MB/807 MB   14 MB/s     49s[K[A[1Gpulling manifest [K
pulling 84fffd9ce0ec:  13% ▕██                ▏ 108 MB/807 MB   13 MB/s     51s[K[A[1Gpulling manifest [K
pulling 84fffd9ce0ec:  13% ▕██                ▏ 109 MB/807 MB   13 MB/s     51s[K[A[1Gpulling manifest [K
pulling 84fffd9ce0ec:  14% ▕██                ▏ 109 MB/807 MB   13 MB/s     51s[K[A[1Gpulling manifest [K
pulling 84fffd9ce0ec:  14% ▕██                ▏ 110 MB/807 MB   13 MB/s     51s[K[A[1Gpulling manifest [K
pulling 84fffd9ce0ec:  14% ▕██                ▏ 111 MB/807 MB   13 MB/s     51s[K[A[1Gpulling manifest [K
pulling 84fffd9ce0ec:  14% ▕██                ▏ 112 MB/807 MB   13 MB/s     51s[K[A[1Gpulling manifest [K
pulling 84fffd9ce0ec:  14% ▕██                ▏ 112 MB/807 MB   13 MB/s     51s[K[A[1Gpulling manifest [K
pulling 84fffd9ce0ec:  14% ▕██                ▏ 113 MB/807 MB   13 MB/s     51s[K[A[1Gpulling manifest [K
pulling 84fffd9ce0ec:  14% ▕██                ▏ 114 MB/807 MB   13 MB/s     51s[K[A[1Gpulling manifest [K
pulling 84fffd9ce0ec:  14% ▕██                ▏ 114 MB/807 MB   13 MB/s     51s[K[A[1Gpulling manifest [K
pulling 84fffd9ce0ec:  14% ▕██                ▏ 115 MB/807 MB   13 MB/s     51s[K[A[1Gpulling manifest [K
pulling 84fffd9ce0ec:  14% ▕██                ▏ 116 MB/807 MB   12 MB/s     53s[K[A[1Gpulling manifest [K
pulling 84fffd9ce0ec:  14% ▕██                ▏ 116 MB/807 MB   12 MB/s     53s[K[A[1Gpulling manifest [K
pulling 84fffd9ce0ec:  15% ▕██                ▏ 117 MB/807 MB   12 MB/s     53s[K[A[1Gpulling manifest [K
pulling 84fffd9ce0ec:  15% ▕██                ▏ 118 MB/807 MB   12 MB/s     53s[K[A[1Gpulling manifest [K
pulling 84fffd9ce0ec:  15% ▕██                ▏ 118 MB/807 MB   12 MB/s     53s[K[A[1Gpulling manifest [K
pulling 84fffd9ce0ec:  15% ▕██                ▏ 119 MB/807 MB   12 MB/s     53s[K[A[1Gpulling manifest [K
pulling 84fffd9ce0ec:  15% ▕██                ▏ 119 MB/807 MB   12 MB/s     53s[K[A[1Gpulling manifest [K
pulling 84fffd9ce0ec:  15% ▕██                ▏ 120 MB/807 MB   12 MB/s     53s[K[A[1Gpulling manifest [K
pulling 84fffd9ce0ec:  15% ▕██                ▏ 121 MB/807 MB   12 MB/s     53s[K[A[1Gpulling manifest [K
pulling 84fffd9ce0ec:  15% ▕██                ▏ 121 MB/807 MB   12 MB/s     53s[K[A[1Gpulling manifest [K
pulling 84fffd9ce0ec:  15% ▕██                ▏ 122 MB/807 MB   10 MB/s    1m5s[K[A[1Gpulling manifest [K
pulling 84fffd9ce0ec:  15% ▕██                ▏ 123 MB/807 MB   10 MB/s    1m5s[K[A[1Gpulling manifest [K
pulling 84fffd9ce0ec:  15% ▕██                ▏ 124 MB/807 MB   10 MB/s    1m5s[K[A[1Gpulling manifest [K
pulling 84fffd9ce0ec:  15% ▕██                ▏ 124 MB/807 MB   10 MB/s    1m5s[K[A[1Gpulling manifest [K
pulling 84fffd9ce0ec:  16% ▕██                ▏ 125 MB/807 MB   10 MB/s    1m5s[K[A[1Gpulling manifest [K
pulling 84fffd9ce0ec:  16% ▕██                ▏ 126 MB/807 MB   10 MB/s    1m5s[K[A[1Gpulling manifest [K
pulling 84fffd9ce0ec:  16% ▕██                ▏ 127 MB/807 MB   10 MB/s    1m4s[K[A[1Gpulling manifest [K
pulling 84fffd9ce0ec:  16% ▕██                ▏ 127 MB/807 MB   10 MB/s    1m4s[K[A[1Gpulling manifest [K
pulling 84fffd9ce0ec:  16% ▕██                ▏ 128 MB/807 MB   10 MB/s    1m4s[K[A[1Gpulling manifest [K
pulling 84fffd9ce0ec:  16% ▕██                ▏ 129 MB/807 MB   10 MB/s    1m4s[K[A[1Gpulling manifest [K
pulling 84fffd9ce0ec:  16% ▕██                ▏ 129 MB/807 MB  9.9 MB/s    1m8s[K[A[1Gpulling manifest [K
pulling 84fffd9ce0ec:  16% ▕██                ▏ 130 MB/807 MB  9.9 MB/s    1m8s[K[A[1Gpulling manifest [K
pulling 84fffd9ce0ec:  16% ▕██                ▏ 131 MB/807 MB  9.9 MB/s    1m8s[K[A[1Gpulling manifest [K
pulling 84fffd9ce0ec:  16% ▕██                ▏ 131 MB/807 MB  9.9 MB/s    1m8s[K[A[1Gpulling manifest [K
pulling 84fffd9ce0ec:  16% ▕██                ▏ 132 MB/807 MB  9.9 MB/s    1m8s[K[A[1Gpulling manifest [K
pulling 84fffd9ce0ec:  17% ▕██                ▏ 133 MB/807 MB  9.9 MB/s    1m8s[K[A[1Gpulling manifest [K
pulling 84fffd9ce0ec:  17% ▕██                ▏ 133 MB/807 MB  9.9 MB/s    1m8s[K[A[1Gpulling manifest [K
pulling 84fffd9ce0ec:  17% ▕███               ▏ 134 MB/807 MB  9.9 MB/s    1m7s[K[A[1Gpulling manifest [K
pulling 84fffd9ce0ec:  17% ▕███               ▏ 135 MB/807 MB  9.9 MB/s    1m7s[K[A[1Gpulling manifest [K
pulling 84fffd9ce0ec:  17% ▕███               ▏ 136 MB/807 MB  9.9 MB/s    1m7s[K[A[1Gpulling manifest [K
pulling 84fffd9ce0ec:  17% ▕███               ▏ 137 MB/807 MB  9.4 MB/s   1m11s[K[A[1Gpulling manifest [K
pulling 84fffd9ce0ec:  17% ▕███               ▏ 137 MB/807 MB  9.4 MB/s   1m11s[K[A[1Gpulling manifest [K
pulling 84fffd9ce0ec:  17% ▕███               ▏ 138 MB/807 MB  9.4 MB/s   1m11s[K[A[1Gpulling manifest [K
pulling 84fffd9ce0ec:  17% ▕███               ▏ 139 MB/807 MB  9.4 MB/s   1m11s[K[A[1Gpulling manifest [K
pulling 84fffd9ce0ec:  17% ▕███               ▏ 139 MB/807 MB  9.4 MB/s   1m11s[K[A[1Gpulling manifest [K
pulling 84fffd9ce0ec:  17% ▕███               ▏ 140 MB/807 MB  9.4 MB/s   1m11s[K[A[1Gpulling manifest [K
pulling 84fffd9ce0ec:  17% ▕███               ▏ 141 MB/807 MB  9.4 MB/s   1m11s[K[A[1Gpulling manifest [K
pulling 84fffd9ce0ec:  18% ▕███               ▏ 142 MB/807 MB  9.4 MB/s   1m11s[K
